SQL> select * frm emp natural join dept;
select * frm emp natural join dept
         *
ERROR at line 1:
ORA-00923: FROM keyword not found where expected 


SQL> select * from emp natural join dept;

    DEPTNO      EMPNO ENAME      JOB              MGR HIREDATE         SAL      
---------- ---------- ---------- --------- ---------- --------- ----------      
      COMM DNAME          LOC                                                   
---------- -------------- -------------                                         
        20       7369 SMITH      CLERK           7902 17-DEC-80        800      
           RESEARCH       DALLAS                                                
                                                                                
        30       7499 ALLEN      SALESMAN        7698 20-FEB-81       1600      
       300 SALES          CHICAGO                                               
                                                                                
        30       7521 WARD       SALESMAN        7698 22-FEB-81       1250      
       500 SALES          CHICAGO                                               
                                                                                

    DEPTNO      EMPNO ENAME      JOB              MGR HIREDATE         SAL      
---------- ---------- ---------- --------- ---------- --------- ----------      
      COMM DNAME          LOC                                                   
---------- -------------- -------------                                         
        20       7566 JONES      MANAGER         7839 02-APR-81       2975      
           RESEARCH       DALLAS                                                
                                                                                
        30       7654 MARTIN     SALESMAN        7698 28-SEP-81       1250      
      1400 SALES          CHICAGO                                               
                                                                                
        30       7698 BLAKE      MANAGER         7839 01-MAY-81       2850      
           SALES          CHICAGO                                               
                                                                                

    DEPTNO      EMPNO ENAME      JOB              MGR HIREDATE         SAL      
---------- ---------- ---------- --------- ---------- --------- ----------      
      COMM DNAME          LOC                                                   
---------- -------------- -------------                                         
        10       7782 CLARK      MANAGER         7839 09-JUN-81       2450      
           ACCOUNTING     NEW YORK                                              
                                                                                
        20       7788 SCOTT      ANALYST         7566 19-APR-87       3000      
           RESEARCH       DALLAS                                                
                                                                                
        10       7839 KING       PRESIDENT            17-NOV-81       5000      
           ACCOUNTING     NEW YORK                                              
                                                                                

    DEPTNO      EMPNO ENAME      JOB              MGR HIREDATE         SAL      
---------- ---------- ---------- --------- ---------- --------- ----------      
      COMM DNAME          LOC                                                   
---------- -------------- -------------                                         
        30       7844 TURNER     SALESMAN        7698 08-SEP-81       1500      
         0 SALES          CHICAGO                                               
                                                                                
        20       7876 ADAMS      CLERK           7788 23-MAY-87       1100      
           RESEARCH       DALLAS                                                
                                                                                
        30       7900 JAMES      CLERK           7698 03-DEC-81        950      
           SALES          CHICAGO                                               
                                                                                

    DEPTNO      EMPNO ENAME      JOB              MGR HIREDATE         SAL      
---------- ---------- ---------- --------- ---------- --------- ----------      
      COMM DNAME          LOC                                                   
---------- -------------- -------------                                         
        20       7902 FORD       ANALYST         7566 03-DEC-81       3000      
           RESEARCH       DALLAS                                                
                                                                                
        10       7934 MILLER     CLERK           7782 23-JAN-82       1300      
           ACCOUNTING     NEW YORK                                              
                                                                                

14 rows selected.

SQL> set lines 150 pages 150
SQL> select * from salgrade;

     GRADE      LOSAL      HISAL                                                                                                                      
---------- ---------- ----------                                                                                                                      
         1        700       1200                                                                                                                      
         2       1201       1400                                                                                                                      
         3       1401       2000                                                                                                                      
         4       2001       3000                                                                                                                      
         5       3001       9999                                                                                                                      

SQL> select * from emp natural join salgrade;

     EMPNO ENAME      JOB              MGR HIREDATE         SAL       COMM     DEPTNO      GRADE      LOSAL      HISAL                                
---------- ---------- --------- ---------- --------- ---------- ---------- ---------- ---------- ---------- ----------                                
      7369 SMITH      CLERK           7902 17-DEC-80        800                    20          1        700       1200                                
      7499 ALLEN      SALESMAN        7698 20-FEB-81       1600        300         30          1        700       1200                                
      7521 WARD       SALESMAN        7698 22-FEB-81       1250        500         30          1        700       1200                                
      7566 JONES      MANAGER         7839 02-APR-81       2975                    20          1        700       1200                                
      7654 MARTIN     SALESMAN        7698 28-SEP-81       1250       1400         30          1        700       1200                                
      7698 BLAKE      MANAGER         7839 01-MAY-81       2850                    30          1        700       1200                                
      7782 CLARK      MANAGER         7839 09-JUN-81       2450                    10          1        700       1200                                
      7788 SCOTT      ANALYST         7566 19-APR-87       3000                    20          1        700       1200                                
      7839 KING       PRESIDENT            17-NOV-81       5000                    10          1        700       1200                                
      7844 TURNER     SALESMAN        7698 08-SEP-81       1500          0         30          1        700       1200                                
      7876 ADAMS      CLERK           7788 23-MAY-87       1100                    20          1        700       1200                                
      7900 JAMES      CLERK           7698 03-DEC-81        950                    30          1        700       1200                                
      7902 FORD       ANALYST         7566 03-DEC-81       3000                    20          1        700       1200                                
      7934 MILLER     CLERK           7782 23-JAN-82       1300                    10          1        700       1200                                
      7369 SMITH      CLERK           7902 17-DEC-80        800                    20          2       1201       1400                                
      7499 ALLEN      SALESMAN        7698 20-FEB-81       1600        300         30          2       1201       1400                                
      7521 WARD       SALESMAN        7698 22-FEB-81       1250        500         30          2       1201       1400                                
      7566 JONES      MANAGER         7839 02-APR-81       2975                    20          2       1201       1400                                
      7654 MARTIN     SALESMAN        7698 28-SEP-81       1250       1400         30          2       1201       1400                                
      7698 BLAKE      MANAGER         7839 01-MAY-81       2850                    30          2       1201       1400                                
      7782 CLARK      MANAGER         7839 09-JUN-81       2450                    10          2       1201       1400                                
      7788 SCOTT      ANALYST         7566 19-APR-87       3000                    20          2       1201       1400                                
      7839 KING       PRESIDENT            17-NOV-81       5000                    10          2       1201       1400                                
      7844 TURNER     SALESMAN        7698 08-SEP-81       1500          0         30          2       1201       1400                                
      7876 ADAMS      CLERK           7788 23-MAY-87       1100                    20          2       1201       1400                                
      7900 JAMES      CLERK           7698 03-DEC-81        950                    30          2       1201       1400                                
      7902 FORD       ANALYST         7566 03-DEC-81       3000                    20          2       1201       1400                                
      7934 MILLER     CLERK           7782 23-JAN-82       1300                    10          2       1201       1400                                
      7369 SMITH      CLERK           7902 17-DEC-80        800                    20          3       1401       2000                                
      7499 ALLEN      SALESMAN        7698 20-FEB-81       1600        300         30          3       1401       2000                                
      7521 WARD       SALESMAN        7698 22-FEB-81       1250        500         30          3       1401       2000                                
      7566 JONES      MANAGER         7839 02-APR-81       2975                    20          3       1401       2000                                
      7654 MARTIN     SALESMAN        7698 28-SEP-81       1250       1400         30          3       1401       2000                                
      7698 BLAKE      MANAGER         7839 01-MAY-81       2850                    30          3       1401       2000                                
      7782 CLARK      MANAGER         7839 09-JUN-81       2450                    10          3       1401       2000                                
      7788 SCOTT      ANALYST         7566 19-APR-87       3000                    20          3       1401       2000                                
      7839 KING       PRESIDENT            17-NOV-81       5000                    10          3       1401       2000                                
      7844 TURNER     SALESMAN        7698 08-SEP-81       1500          0         30          3       1401       2000                                
      7876 ADAMS      CLERK           7788 23-MAY-87       1100                    20          3       1401       2000                                
      7900 JAMES      CLERK           7698 03-DEC-81        950                    30          3       1401       2000                                
      7902 FORD       ANALYST         7566 03-DEC-81       3000                    20          3       1401       2000                                
      7934 MILLER     CLERK           7782 23-JAN-82       1300                    10          3       1401       2000                                
      7369 SMITH      CLERK           7902 17-DEC-80        800                    20          4       2001       3000                                
      7499 ALLEN      SALESMAN        7698 20-FEB-81       1600        300         30          4       2001       3000                                
      7521 WARD       SALESMAN        7698 22-FEB-81       1250        500         30          4       2001       3000                                
      7566 JONES      MANAGER         7839 02-APR-81       2975                    20          4       2001       3000                                
      7654 MARTIN     SALESMAN        7698 28-SEP-81       1250       1400         30          4       2001       3000                                
      7698 BLAKE      MANAGER         7839 01-MAY-81       2850                    30          4       2001       3000                                
      7782 CLARK      MANAGER         7839 09-JUN-81       2450                    10          4       2001       3000                                
      7788 SCOTT      ANALYST         7566 19-APR-87       3000                    20          4       2001       3000                                
      7839 KING       PRESIDENT            17-NOV-81       5000                    10          4       2001       3000                                
      7844 TURNER     SALESMAN        7698 08-SEP-81       1500          0         30          4       2001       3000                                
      7876 ADAMS      CLERK           7788 23-MAY-87       1100                    20          4       2001       3000                                
      7900 JAMES      CLERK           7698 03-DEC-81        950                    30          4       2001       3000                                
      7902 FORD       ANALYST         7566 03-DEC-81       3000                    20          4       2001       3000                                
      7934 MILLER     CLERK           7782 23-JAN-82       1300                    10          4       2001       3000                                
      7369 SMITH      CLERK           7902 17-DEC-80        800                    20          5       3001       9999                                
      7499 ALLEN      SALESMAN        7698 20-FEB-81       1600        300         30          5       3001       9999                                
      7521 WARD       SALESMAN        7698 22-FEB-81       1250        500         30          5       3001       9999                                
      7566 JONES      MANAGER         7839 02-APR-81       2975                    20          5       3001       9999                                
      7654 MARTIN     SALESMAN        7698 28-SEP-81       1250       1400         30          5       3001       9999                                
      7698 BLAKE      MANAGER         7839 01-MAY-81       2850                    30          5       3001       9999                                
      7782 CLARK      MANAGER         7839 09-JUN-81       2450                    10          5       3001       9999                                
      7788 SCOTT      ANALYST         7566 19-APR-87       3000                    20          5       3001       9999                                
      7839 KING       PRESIDENT            17-NOV-81       5000                    10          5       3001       9999                                
      7844 TURNER     SALESMAN        7698 08-SEP-81       1500          0         30          5       3001       9999                                
      7876 ADAMS      CLERK           7788 23-MAY-87       1100                    20          5       3001       9999                                
      7900 JAMES      CLERK           7698 03-DEC-81        950                    30          5       3001       9999                                
      7902 FORD       ANALYST         7566 03-DEC-81       3000                    20          5       3001       9999                                
      7934 MILLER     CLERK           7782 23-JAN-82       1300                    10          5       3001       9999                                

70 rows selected.

SQL> select * from emp left join dept
  2  on emp.deptno =dept.deptno;

     EMPNO ENAME      JOB              MGR HIREDATE         SAL       COMM     DEPTNO     DEPTNO DNAME          LOC                                   
---------- ---------- --------- ---------- --------- ---------- ---------- ---------- ---------- -------------- -------------                         
      7369 SMITH      CLERK           7902 17-DEC-80        800                    20         20 RESEARCH       DALLAS                                
      7499 ALLEN      SALESMAN        7698 20-FEB-81       1600        300         30         30 SALES          CHICAGO                               
      7521 WARD       SALESMAN        7698 22-FEB-81       1250        500         30         30 SALES          CHICAGO                               
      7566 JONES      MANAGER         7839 02-APR-81       2975                    20         20 RESEARCH       DALLAS                                
      7654 MARTIN     SALESMAN        7698 28-SEP-81       1250       1400         30         30 SALES          CHICAGO                               
      7698 BLAKE      MANAGER         7839 01-MAY-81       2850                    30         30 SALES          CHICAGO                               
      7782 CLARK      MANAGER         7839 09-JUN-81       2450                    10         10 ACCOUNTING     NEW YORK                              
      7788 SCOTT      ANALYST         7566 19-APR-87       3000                    20         20 RESEARCH       DALLAS                                
      7839 KING       PRESIDENT            17-NOV-81       5000                    10         10 ACCOUNTING     NEW YORK                              
      7844 TURNER     SALESMAN        7698 08-SEP-81       1500          0         30         30 SALES          CHICAGO                               
      7876 ADAMS      CLERK           7788 23-MAY-87       1100                    20         20 RESEARCH       DALLAS                                
      7900 JAMES      CLERK           7698 03-DEC-81        950                    30         30 SALES          CHICAGO                               
      7902 FORD       ANALYST         7566 03-DEC-81       3000                    20         20 RESEARCH       DALLAS                                
      7934 MILLER     CLERK           7782 23-JAN-82       1300                    10         10 ACCOUNTING     NEW YORK                              

14 rows selected.

SQL> select * from dept left join emp
  2  on dept.deptno =emp.deptno;

    DEPTNO DNAME          LOC                EMPNO ENAME      JOB              MGR HIREDATE         SAL       COMM     DEPTNO                         
---------- -------------- ------------- ---------- ---------- --------- ---------- --------- ---------- ---------- ----------                         
        10 ACCOUNTING     NEW YORK            7782 CLARK      MANAGER         7839 09-JUN-81       2450                    10                         
        10 ACCOUNTING     NEW YORK            7839 KING       PRESIDENT            17-NOV-81       5000                    10                         
        10 ACCOUNTING     NEW YORK            7934 MILLER     CLERK           7782 23-JAN-82       1300                    10                         
        20 RESEARCH       DALLAS              7566 JONES      MANAGER         7839 02-APR-81       2975                    20                         
        20 RESEARCH       DALLAS              7902 FORD       ANALYST         7566 03-DEC-81       3000                    20                         
        20 RESEARCH       DALLAS              7876 ADAMS      CLERK           7788 23-MAY-87       1100                    20                         
        20 RESEARCH       DALLAS              7369 SMITH      CLERK           7902 17-DEC-80        800                    20                         
        20 RESEARCH       DALLAS              7788 SCOTT      ANALYST         7566 19-APR-87       3000                    20                         
        30 SALES          CHICAGO             7521 WARD       SALESMAN        7698 22-FEB-81       1250        500         30                         
        30 SALES          CHICAGO             7844 TURNER     SALESMAN        7698 08-SEP-81       1500          0         30                         
        30 SALES          CHICAGO             7499 ALLEN      SALESMAN        7698 20-FEB-81       1600        300         30                         
        30 SALES          CHICAGO             7900 JAMES      CLERK           7698 03-DEC-81        950                    30                         
        30 SALES          CHICAGO             7698 BLAKE      MANAGER         7839 01-MAY-81       2850                    30                         
        30 SALES          CHICAGO             7654 MARTIN     SALESMAN        7698 28-SEP-81       1250       1400         30                         
        40 OPERATIONS     BOSTON                                                                                                                      

15 rows selected.

SQL> select * from dept left join emp on emp.deptno=dept.deptno
  2  where empno is null;

    DEPTNO DNAME          LOC                EMPNO ENAME      JOB              MGR HIREDATE         SAL       COMM     DEPTNO                         
---------- -------------- ------------- ---------- ---------- --------- ---------- --------- ---------- ---------- ----------                         
        40 OPERATIONS     BOSTON                                                                                                                      

SQL> select * from emp right join dept
  2  on emp.deptno =dept.deptno;

     EMPNO ENAME      JOB              MGR HIREDATE         SAL       COMM     DEPTNO     DEPTNO DNAME          LOC                                   
---------- ---------- --------- ---------- --------- ---------- ---------- ---------- ---------- -------------- -------------                         
      7782 CLARK      MANAGER         7839 09-JUN-81       2450                    10         10 ACCOUNTING     NEW YORK                              
      7839 KING       PRESIDENT            17-NOV-81       5000                    10         10 ACCOUNTING     NEW YORK                              
      7934 MILLER     CLERK           7782 23-JAN-82       1300                    10         10 ACCOUNTING     NEW YORK                              
      7566 JONES      MANAGER         7839 02-APR-81       2975                    20         20 RESEARCH       DALLAS                                
      7902 FORD       ANALYST         7566 03-DEC-81       3000                    20         20 RESEARCH       DALLAS                                
      7876 ADAMS      CLERK           7788 23-MAY-87       1100                    20         20 RESEARCH       DALLAS                                
      7369 SMITH      CLERK           7902 17-DEC-80        800                    20         20 RESEARCH       DALLAS                                
      7788 SCOTT      ANALYST         7566 19-APR-87       3000                    20         20 RESEARCH       DALLAS                                
      7521 WARD       SALESMAN        7698 22-FEB-81       1250        500         30         30 SALES          CHICAGO                               
      7844 TURNER     SALESMAN        7698 08-SEP-81       1500          0         30         30 SALES          CHICAGO                               
      7499 ALLEN      SALESMAN        7698 20-FEB-81       1600        300         30         30 SALES          CHICAGO                               
      7900 JAMES      CLERK           7698 03-DEC-81        950                    30         30 SALES          CHICAGO                               
      7698 BLAKE      MANAGER         7839 01-MAY-81       2850                    30         30 SALES          CHICAGO                               
      7654 MARTIN     SALESMAN        7698 28-SEP-81       1250       1400         30         30 SALES          CHICAGO                               
                                                                                              40 OPERATIONS     BOSTON                                

15 rows selected.

SQL> select * from emp right join emp
  2  on emp.deptno=dept.deptno
  3  where empno is null;
on emp.deptno=dept.deptno
              *
ERROR at line 2:
ORA-00904: "DEPT"."DEPTNO": invalid identifier 


SQL> select * from emp,dept
  2  where emp.deptno(+) =dept.deptno and empno is null;

     EMPNO ENAME      JOB              MGR HIREDATE         SAL       COMM     DEPTNO     DEPTNO DNAME          LOC                                   
---------- ---------- --------- ---------- --------- ---------- ---------- ---------- ---------- -------------- -------------                         
                                                                                              40 OPERATIONS     BOSTON                                

SQL> select * from dept,emp
  2  where dept.deptno =emp.deptno(+) and empno is null;

    DEPTNO DNAME          LOC                EMPNO ENAME      JOB              MGR HIREDATE         SAL       COMM     DEPTNO                         
---------- -------------- ------------- ---------- ---------- --------- ---------- --------- ---------- ---------- ----------                         
        40 OPERATIONS     BOSTON                                                                                                                      

SQL> select * from dept full join emp
  2  on emp.deptno =dept.deptno;

    DEPTNO DNAME          LOC                EMPNO ENAME      JOB              MGR HIREDATE         SAL       COMM     DEPTNO                         
---------- -------------- ------------- ---------- ---------- --------- ---------- --------- ---------- ---------- ----------                         
        10 ACCOUNTING     NEW YORK            7782 CLARK      MANAGER         7839 09-JUN-81       2450                    10                         
        10 ACCOUNTING     NEW YORK            7839 KING       PRESIDENT            17-NOV-81       5000                    10                         
        10 ACCOUNTING     NEW YORK            7934 MILLER     CLERK           7782 23-JAN-82       1300                    10                         
        20 RESEARCH       DALLAS              7566 JONES      MANAGER         7839 02-APR-81       2975                    20                         
        20 RESEARCH       DALLAS              7902 FORD       ANALYST         7566 03-DEC-81       3000                    20                         
        20 RESEARCH       DALLAS              7876 ADAMS      CLERK           7788 23-MAY-87       1100                    20                         
        20 RESEARCH       DALLAS              7369 SMITH      CLERK           7902 17-DEC-80        800                    20                         
        20 RESEARCH       DALLAS              7788 SCOTT      ANALYST         7566 19-APR-87       3000                    20                         
        30 SALES          CHICAGO             7521 WARD       SALESMAN        7698 22-FEB-81       1250        500         30                         
        30 SALES          CHICAGO             7844 TURNER     SALESMAN        7698 08-SEP-81       1500          0         30                         
        30 SALES          CHICAGO             7499 ALLEN      SALESMAN        7698 20-FEB-81       1600        300         30                         
        30 SALES          CHICAGO             7900 JAMES      CLERK           7698 03-DEC-81        950                    30                         
        30 SALES          CHICAGO             7698 BLAKE      MANAGER         7839 01-MAY-81       2850                    30                         
        30 SALES          CHICAGO             7654 MARTIN     SALESMAN        7698 28-SEP-81       1250       1400         30                         
        40 OPERATIONS     BOSTON                                                                                                                      

15 rows selected.

SQL>   select * from emp;

     EMPNO ENAME      JOB              MGR HIREDATE         SAL       COMM     DEPTNO                                                                 
---------- ---------- --------- ---------- --------- ---------- ---------- ----------                                                                 
      7369 SMITH      CLERK           7902 17-DEC-80        800                    20                                                                 
      7499 ALLEN      SALESMAN        7698 20-FEB-81       1600        300         30                                                                 
      7521 WARD       SALESMAN        7698 22-FEB-81       1250        500         30                                                                 
      7566 JONES      MANAGER         7839 02-APR-81       2975                    20                                                                 
      7654 MARTIN     SALESMAN        7698 28-SEP-81       1250       1400         30                                                                 
      7698 BLAKE      MANAGER         7839 01-MAY-81       2850                    30                                                                 
      7782 CLARK      MANAGER         7839 09-JUN-81       2450                    10                                                                 
      7788 SCOTT      ANALYST         7566 19-APR-87       3000                    20                                                                 
      7839 KING       PRESIDENT            17-NOV-81       5000                    10                                                                 
      7844 TURNER     SALESMAN        7698 08-SEP-81       1500          0         30                                                                 
      7876 ADAMS      CLERK           7788 23-MAY-87       1100                    20                                                                 
      7900 JAMES      CLERK           7698 03-DEC-81        950                    30                                                                 
      7902 FORD       ANALYST         7566 03-DEC-81       3000                    20                                                                 
      7934 MILLER     CLERK           7782 23-JAN-82       1300                    10                                                                 

14 rows selected.

SQL> select empno,mgr from emp;

     EMPNO        MGR                                                                                                                                 
---------- ----------                                                                                                                                 
      7369       7902                                                                                                                                 
      7499       7698                                                                                                                                 
      7521       7698                                                                                                                                 
      7566       7839                                                                                                                                 
      7654       7698                                                                                                                                 
      7698       7839                                                                                                                                 
      7782       7839                                                                                                                                 
      7788       7566                                                                                                                                 
      7839                                                                                                                                            
      7844       7698                                                                                                                                 
      7876       7788                                                                                                                                 
      7900       7698                                                                                                                                 
      7902       7566                                                                                                                                 
      7934       7782                                                                                                                                 

14 rows selected.

SQL> select * from emp e1 join emp e2
  2  on e1.mgr =e2.empno;

     EMPNO ENAME      JOB              MGR HIREDATE         SAL       COMM     DEPTNO      EMPNO ENAME      JOB              MGR HIREDATE         SAL 
---------- ---------- --------- ---------- --------- ---------- ---------- ---------- ---------- ---------- --------- ---------- --------- ---------- 
      COMM     DEPTNO                                                                                                                                 
---------- ----------                                                                                                                                 
      7369 SMITH      CLERK           7902 17-DEC-80        800                    20       7902 FORD       ANALYST         7566 03-DEC-81       3000 
                   20                                                                                                                                 
                                                                                                                                                      
      7499 ALLEN      SALESMAN        7698 20-FEB-81       1600        300         30       7698 BLAKE      MANAGER         7839 01-MAY-81       2850 
                   30                                                                                                                                 
                                                                                                                                                      
      7521 WARD       SALESMAN        7698 22-FEB-81       1250        500         30       7698 BLAKE      MANAGER         7839 01-MAY-81       2850 
                   30                                                                                                                                 
                                                                                                                                                      
      7566 JONES      MANAGER         7839 02-APR-81       2975                    20       7839 KING       PRESIDENT            17-NOV-81       5000 
                   10                                                                                                                                 
                                                                                                                                                      
      7654 MARTIN     SALESMAN        7698 28-SEP-81       1250       1400         30       7698 BLAKE      MANAGER         7839 01-MAY-81       2850 
                   30                                                                                                                                 
                                                                                                                                                      
      7698 BLAKE      MANAGER         7839 01-MAY-81       2850                    30       7839 KING       PRESIDENT            17-NOV-81       5000 
                   10                                                                                                                                 
                                                                                                                                                      
      7782 CLARK      MANAGER         7839 09-JUN-81       2450                    10       7839 KING       PRESIDENT            17-NOV-81       5000 
                   10                                                                                                                                 
                                                                                                                                                      
      7788 SCOTT      ANALYST         7566 19-APR-87       3000                    20       7566 JONES      MANAGER         7839 02-APR-81       2975 
                   20                                                                                                                                 
                                                                                                                                                      
      7844 TURNER     SALESMAN        7698 08-SEP-81       1500          0         30       7698 BLAKE      MANAGER         7839 01-MAY-81       2850 
                   30                                                                                                                                 
                                                                                                                                                      
      7876 ADAMS      CLERK           7788 23-MAY-87       1100                    20       7788 SCOTT      ANALYST         7566 19-APR-87       3000 
                   20                                                                                                                                 
                                                                                                                                                      
      7900 JAMES      CLERK           7698 03-DEC-81        950                    30       7698 BLAKE      MANAGER         7839 01-MAY-81       2850 
                   30                                                                                                                                 
                                                                                                                                                      
      7902 FORD       ANALYST         7566 03-DEC-81       3000                    20       7566 JONES      MANAGER         7839 02-APR-81       2975 
                   20                                                                                                                                 
                                                                                                                                                      
      7934 MILLER     CLERK           7782 23-JAN-82       1300                    10       7782 CLARK      MANAGER         7839 09-JUN-81       2450 
                   10                                                                                                                                 
                                                                                                                                                      

13 rows selected.

SQL> select ename from e1 join e2
  2  on e1.mgr =e2.empno;
select ename from e1 join e2
                          *
ERROR at line 1:
ORA-00942: table or view does not exist 


SQL> select ename from e1 join e2
  2  on e1.mgr =e2.empno;
select ename from e1 join e2
                          *
ERROR at line 1:
ORA-00942: table or view does not exist 


SQL> select e1.name
  2  from emp e1 join emp e2
  3  on e1.mgr =e2.empno;
select e1.name
       *
ERROR at line 1:
ORA-00904: "E1"."NAME": invalid identifier 


SQL> select e1.ename
  2  from emp e1 join emp e2
  3  on e1.mgr = e2.empno;

ENAME                                                                                                                                                 
----------                                                                                                                                            
SMITH                                                                                                                                                 
ALLEN                                                                                                                                                 
WARD                                                                                                                                                  
JONES                                                                                                                                                 
MARTIN                                                                                                                                                
BLAKE                                                                                                                                                 
CLARK                                                                                                                                                 
SCOTT                                                                                                                                                 
TURNER                                                                                                                                                
ADAMS                                                                                                                                                 
JAMES                                                                                                                                                 
FORD                                                                                                                                                  
MILLER                                                                                                                                                

13 rows selected.

SQL> select e1.ename
  2  from emp e1=e2.mgr
  3  where e2.ename ='ADAMS';
from emp e1=e2.mgr
           *
ERROR at line 2:
ORA-00933: SQL command not properly ended 


SQL> select e1.ename
  2  from emp e1 join emp e2
  3  on e1.empno =e2.mgr
  4  where e2.ename ='ADAMS';

ENAME                                                                                                                                                 
----------                                                                                                                                            
SCOTT                                                                                                                                                 

SQL> select emp.*,sal
  2  from emp;

     EMPNO ENAME      JOB              MGR HIREDATE         SAL       COMM     DEPTNO        SAL                                                      
---------- ---------- --------- ---------- --------- ---------- ---------- ---------- ----------                                                      
      7369 SMITH      CLERK           7902 17-DEC-80        800                    20        800                                                      
      7499 ALLEN      SALESMAN        7698 20-FEB-81       1600        300         30       1600                                                      
      7521 WARD       SALESMAN        7698 22-FEB-81       1250        500         30       1250                                                      
      7566 JONES      MANAGER         7839 02-APR-81       2975                    20       2975                                                      
      7654 MARTIN     SALESMAN        7698 28-SEP-81       1250       1400         30       1250                                                      
      7698 BLAKE      MANAGER         7839 01-MAY-81       2850                    30       2850                                                      
      7782 CLARK      MANAGER         7839 09-JUN-81       2450                    10       2450                                                      
      7788 SCOTT      ANALYST         7566 19-APR-87       3000                    20       3000                                                      
      7839 KING       PRESIDENT            17-NOV-81       5000                    10       5000                                                      
      7844 TURNER     SALESMAN        7698 08-SEP-81       1500          0         30       1500                                                      
      7876 ADAMS      CLERK           7788 23-MAY-87       1100                    20       1100                                                      
      7900 JAMES      CLERK           7698 03-DEC-81        950                    30        950                                                      
      7902 FORD       ANALYST         7566 03-DEC-81       3000                    20       3000                                                      
      7934 MILLER     CLERK           7782 23-JAN-82       1300                    10       1300                                                      

14 rows selected.

SQL> select emp.*,sal*12
  2  from emp;

     EMPNO ENAME      JOB              MGR HIREDATE         SAL       COMM     DEPTNO     SAL*12                                                      
---------- ---------- --------- ---------- --------- ---------- ---------- ---------- ----------                                                      
      7369 SMITH      CLERK           7902 17-DEC-80        800                    20       9600                                                      
      7499 ALLEN      SALESMAN        7698 20-FEB-81       1600        300         30      19200                                                      
      7521 WARD       SALESMAN        7698 22-FEB-81       1250        500         30      15000                                                      
      7566 JONES      MANAGER         7839 02-APR-81       2975                    20      35700                                                      
      7654 MARTIN     SALESMAN        7698 28-SEP-81       1250       1400         30      15000                                                      
      7698 BLAKE      MANAGER         7839 01-MAY-81       2850                    30      34200                                                      
      7782 CLARK      MANAGER         7839 09-JUN-81       2450                    10      29400                                                      
      7788 SCOTT      ANALYST         7566 19-APR-87       3000                    20      36000                                                      
      7839 KING       PRESIDENT            17-NOV-81       5000                    10      60000                                                      
      7844 TURNER     SALESMAN        7698 08-SEP-81       1500          0         30      18000                                                      
      7876 ADAMS      CLERK           7788 23-MAY-87       1100                    20      13200                                                      
      7900 JAMES      CLERK           7698 03-DEC-81        950                    30      11400                                                      
      7902 FORD       ANALYST         7566 03-DEC-81       3000                    20      36000                                                      
      7934 MILLER     CLERK           7782 23-JAN-82       1300                    10      15600                                                      

14 rows selected.

SQL>  select upper('mayuri')from dual;

UPPER(                                                                                                                                                
------                                                                                                                                                
MAYURI                                                                                                                                                

SQL> select lower('MAYURI') from dual;

LOWER(                                                                                                                                                
------                                                                                                                                                
mayuri                                                                                                                                                

SQL> select INITCAP('Mayuri') from dual;

INITCA                                                                                                                                                
------                                                                                                                                                
Mayuri                                                                                                                                                

SQL> select initcap(ENAME) from emp;

INITCAP(EN                                                                                                                                            
----------                                                                                                                                            
Smith                                                                                                                                                 
Allen                                                                                                                                                 
Ward                                                                                                                                                  
Jones                                                                                                                                                 
Martin                                                                                                                                                
Blake                                                                                                                                                 
Clark                                                                                                                                                 
Scott                                                                                                                                                 
King                                                                                                                                                  
Turner                                                                                                                                                
Adams                                                                                                                                                 
James                                                                                                                                                 
Ford                                                                                                                                                  
Miller                                                                                                                                                

14 rows selected.

SQL> select ename,length(ename)
  2  from emp;

ENAME      LENGTH(ENAME)                                                                                                                              
---------- -------------                                                                                                                              
SMITH                  5                                                                                                                              
ALLEN                  5                                                                                                                              
WARD                   4                                                                                                                              
JONES                  5                                                                                                                              
MARTIN                 6                                                                                                                              
BLAKE                  5                                                                                                                              
CLARK                  5                                                                                                                              
SCOTT                  5                                                                                                                              
KING                   4                                                                                                                              
TURNER                 6                                                                                                                              
ADAMS                  5                                                                                                                              
JAMES                  5                                                                                                                              
FORD                   4                                                                                                                              
MILLER                 6                                                                                                                              

14 rows selected.

SQL> select ename,reverse(ename) from emp;

ENAME      REVERSE(EN                                                                                                                                 
---------- ----------                                                                                                                                 
SMITH      HTIMS                                                                                                                                      
ALLEN      NELLA                                                                                                                                      
WARD       DRAW                                                                                                                                       
JONES      SENOJ                                                                                                                                      
MARTIN     NITRAM                                                                                                                                     
BLAKE      EKALB                                                                                                                                      
CLARK      KRALC                                                                                                                                      
SCOTT      TTOCS                                                                                                                                      
KING       GNIK                                                                                                                                       
TURNER     RENRUT                                                                                                                                     
ADAMS      SMADA                                                                                                                                      
JAMES      SEMAJ                                                                                                                                      
FORD       DROF                                                                                                                                       
MILLER     RELLIM                                                                                                                                     

14 rows selected.

SQL> spool off
